// Jest Snapshot v1, https://goo.gl/fbAQLP

exports[`Render should render component 1`] = `
<Fragment>
  <DataSourceHttpSettings
    dataSourceConfig={
      Object {
        "access": "proxy",
        "basicAuth": false,
        "basicAuthPassword": "",
        "basicAuthUser": "",
        "database": "",
        "id": 1,
        "isDefault": true,
        "jsonData": Object {},
        "name": "CloudWatch",
        "orgId": 1,
        "password": "",
        "readOnly": false,
        "secureJsonData": Object {
          "accessKey": "",
          "secretKey": "",
        },
        "secureJsonFields": Object {
          "accessKey": false,
          "secretKey": false,
        },
        "type": "cloudwatch",
        "typeLogoUrl": "",
        "url": "",
        "user": "",
        "withCredentials": false,
      }
    }
    defaultUrl="http://localhost:17668/retrieval"
    onChange={[MockFunction]}
  />
</Fragment>
`;
