// Jest Snapshot v1, https://goo.gl/fbAQLP

exports[`Render should render component 1`] = `
<Fragment>
  <div>
    <FunctionParam
      index={0}
      onChange={[Function]}
      onRunQuery={[MockFunction]}
      param="5"
      paramDef={
        Object {
          "name": "number",
          "type": "int",
        }
      }
    />
  </div>
  <span
    className="comma"
  >
    ,Â 
  </span>
  <div>
    <FunctionParam
      index={1}
      onChange={[Function]}
      onRunQuery={[MockFunction]}
      param="avg"
      paramDef={
        Object {
          "name": "value",
          "options": Array [
            "avg",
            "min",
            "max",
            "absoluteMin",
            "absoluteMax",
            "sum",
          ],
          "type": "string",
        }
      }
    />
  </div>
</Fragment>
`;
